Flutter crash report.
Please report a bug at https://github.com/flutter/flutter/issues.

## command

flutter create .

## exception

FileSystemException: FileSystemException: Failed to decode data using encoding 'utf-8', path = 'C:\Users\ASUS\mylifemanager\analysis_options.yaml'

```
#0      _File._tryDecode (dart:io/file_impl.dart:704:7)
#1      _File.readAsStringSync (dart:io/file_impl.dart:715:7)
#2      ForwardingFile.readAsStringSync (package:file/src/forwarding/forwarding_file.dart:99:16)
#3      ErrorHandlingFile.readAsStringSync.<anonymous closure> (package:flutter_tools/src/base/error_handling_io.dart:259:22)
#4      _runSync (package:flutter_tools/src/base/error_handling_io.dart:1118:16)
#5      ErrorHandlingFile.readAsStringSync (package:flutter_tools/src/base/error_handling_io.dart:258:12)
#6      AnalysisOptionsMigration.migrate (package:flutter_tools/src/migrations/analysis_options_migration.dart:40:57)
#7      ProjectMigration.run (package:flutter_tools/src/base/project_migrator.dart:96:22)
#8      FlutterProject.ensureReadyForPlatformSpecificTooling (package:flutter_tools/src/project.dart:431:21)
#9      CreateCommand.runCommand (package:flutter_tools/src/commands/create.dart:574:23)
<asynchronous suspension>
#10     FlutterCommand.run.<anonymous closure> (package:flutter_tools/src/runner/flutter_command.dart:1663:27)
<asynchronous suspension>
#11     AppContext.run.<anonymous closure> (package:flutter_tools/src/base/context.dart:154:19)
<asynchronous suspension>
#12     CommandRunner.runCommand (package:args/command_runner.dart:212:13)
<asynchronous suspension>
#13     FlutterCommandRunner.runCommand.<anonymous closure> (package:flutter_tools/src/runner/flutter_command_runner.dart:496:9)
<asynchronous suspension>
#14     AppContext.run.<anonymous closure> (package:flutter_tools/src/base/context.dart:154:19)
<asynchronous suspension>
#15     FlutterCommandRunner.runCommand (package:flutter_tools/src/runner/flutter_command_runner.dart:431:5)
<asynchronous suspension>
#16     FlutterCommandRunner.run.<anonymous closure> (package:flutter_tools/src/runner/flutter_command_runner.dart:307:33)
<asynchronous suspension>
#17     run.<anonymous closure>.<anonymous closure> (package:flutter_tools/runner.dart:104:11)
<asynchronous suspension>
#18     AppContext.run.<anonymous closure> (package:flutter_tools/src/base/context.dart:154:19)
<asynchronous suspension>
#19     main (package:flutter_tools/executable.dart:103:3)
<asynchronous suspension>
```

## flutter doctor

```
[32m[✓][39m Flutter (Channel stable, 3.47.2, on Microsoft Windows [Version 10.0.26200.9168], locale en-US) [442ms]
    [32m•[39m Flutter version 3.47.2 on channel stable at C:\src\flutter
    [32m•[39m Upstream repository https://github.com/flutter/flutter.git
    [32m•[39m Framework revision d3b14c8769 (10 days ago), 2026-08-26 16:07:51 -0700
    [32m•[39m Engine revision a804b26164
    [32m•[39m Dart version 3.13.2
    [32m•[39m DevTools version 2.60.0
    [32m•[39m Feature flags: enable-web, enable-linux-desktop, enable-macos-desktop, enable-windows-desktop, enable-android,
      enable-ios, cli-animations, enable-native-assets, enable-record-use, enable-swift-package-manager,
      omit-legacy-version-file, enable-lldb-debugging, enable-uiscene-migration

[32m[✓][39m Windows Version (11 Home Single Language 64-bit, 25H2, 2009) [933ms]

[31m[✗][39m Android toolchain - develop for Android devices [429ms]
    [32m•[39m Android SDK at C:\Users\ASUS\AppData\Local\Android\sdk
    [32m•[39m Emulator version 36.5.11.0 (build_id 15261927) (CL:N/A)
    [31m✗[39m cmdline-tools component is missing.
      Try installing or updating Android Studio.
      Alternatively, download the tools from https://developer.android.com/studio#command-line-tools-only and make sure
      to set the ANDROID_HOME environment variable.
      See https://developer.android.com/studio/command-line for more details.

[32m[✓][39m Chrome - develop for the web [262ms]
    [32m•[39m Chrome at C:\Program Files\Google\Chrome\Application\chrome.exe

[31m[✗][39m Visual Studio - develop Windows apps [261ms]
    [31m✗[39m Visual Studio not installed; this is necessary to develop Windows apps.
      Download at https://visualstudio.microsoft.com/downloads/.
      Please install the "Desktop development with C++" workload, including all of its default components

[32m[✓][39m Connected device (3 available) [140ms]
    [32m•[39m Windows (desktop) • windows • windows-x64    • Microsoft Windows [Version 10.0.26200.9168]
    [32m•[39m Chrome (web)      • chrome  • web-javascript • Google Chrome 151.0.7922.172
    [32m•[39m Edge (web)        • edge    • web-javascript • Microsoft Edge 152.0.4191.62

[32m[✓][39m Network resources [1,109ms]
    [32m•[39m All expected network resources are available.

[33m![39m Doctor found issues in 2 categories.
```
